task created 91f5e36b-803c-48ba-b6fc-726bbace6bd5 (@comp-bob)
mesh_completion · queued
mesh_completion · running 9% · 91f5e36b
mesh_completion · running 25% · 91f5e36b
mesh_completion · running 41% · 91f5e36b
mesh_completion · running 62% · 91f5e36b
mesh_completion · running 95% · 91f5e36b
mesh_completion · running 99% · 91f5e36b
mesh_completion · running 99% · 91f5e36b
mesh_completion · running 99% · 91f5e36b
mesh_completion · running 99% · 91f5e36b
mesh_completion · running 99% · 91f5e36b
mesh_completion · running 99% · 91f5e36b
mesh_completion · running 99% · 91f5e36b
mesh_completion · running 99% · 91f5e36b
mesh_completion · running 99% · 91f5e36b
mesh_completion · running 99% · 91f5e36b
mesh_completion · running 99% · 91f5e36b
mesh_completion · running 99% · 91f5e36b
mesh_completion · running 99% · 91f5e36b
mesh_completion · running 99% · 91f5e36b
mesh_completion · success 100% · 91f5e36b
✓ mesh_completion · 91f5e36b-803c-48ba-b6fc-726bbace6bd5 · 50 credits
downloading artifacts…
✓ artifacts saved to bob/comp/tripo-out/comp-bob-91f5e36b
